{
  "schema_version": "1.1",
  "hotspots": [
    {"rank": 1, "file": "scripts/embedding.sh", "score": 158, "frequency": 1, "complexity": 158},
    {"rank": 2, "file": "hooks/augment-context-global.sh", "score": 125, "frequency": 1, "complexity": 125},
    {"rank": 3, "file": "scripts/graph-rag.sh", "score": 122, "frequency": 1, "complexity": 122},
    {"rank": 4, "file": "scripts/call-chain.sh", "score": 77, "frequency": 1, "complexity": 77},
    {"rank": 5, "file": "scripts/pattern-learner.sh", "score": 52, "frequency": 1, "complexity": 52},
    {"rank": 6, "file": "scripts/hotspot-analyzer.sh", "score": 51, "frequency": 1, "complexity": 51},
    {"rank": 7, "file": "src/server.ts", "score": 43, "frequency": 1, "complexity": 43},
    {"rank": 8, "file": "scripts/ast-diff.sh", "score": 41, "frequency": 1, "complexity": 41},
    {"rank": 9, "file": "scripts/entropy-viz.sh", "score": 40, "frequency": 1, "complexity": 40},
    {"rank": 10, "file": "scripts/boundary-detector.sh", "score": 34, "frequency": 1, "complexity": 34}
  ]
}
